文化
汉语文化语言各国语言中国语言
语言文化
汉语词汇文化语言文字词语
苏州大学开放分类
人物
汉语词典书籍类型工具书
名人社会社会人物热点人物
官员社会政治政府
继电保护与自动化开放分类
电力技术能源电能
生活
五金工具开放分类
酒店预订生活时尚旅游酒店
中国达人秀开放分类
天文术语自然天文
大气开放分类
书籍简介开放分类
历史事件历史
解放战争开放分类
南京地理行政区划城市中国城市
抗日战争开放分类
历史
中国近代史历史各国历史中国历史
中国抗日战争列表
第二次世界大战历史各年代历史近代史
成语文化文学文学体裁
熟语文化语言文字词语
词语文化语言文字
塑胶原料开放分类
台湾人物开放分类
destiny开放分类
仓山区开放分类
A开头成语开放分类
湖南人物开放分类
技师社会职业
电力系统开放分类
史学家开放分类
湿地学开放分类
自我实现开放分类
美国地理开放分类
美国历史历史各国历史
美利坚合众国一级行政区划列表
后唐开放分类
惠比寿麝香葡萄成员列表
宗室开放分类
贵金属列表经济投资理财
煤矿开采开放分类
日本明星人物娱乐人物明星
葫芦科开放分类
休闲游戏开放分类
女鞋开放分类
南海开放分类
宁都人物开放分类
中文核心期刊开放分类
成都酒店开放分类
语言学家科学社会科学人类学语言学
道路开放分类
中国语言学家开放分类
动漫生活娱乐
美国地理国家美洲国家
教育家社会教育教育工作者
湖南地理行政区划省份
美剧开放分类
象棋开放分类
管理学列表经济管理
教堂开放分类
管理术语列表经济管理管理学知识
知名人物社会社会人物热点人物
学院社会教育教育机构学校大学
学校社会教育教育机构
实业家列表经济企业企业家
散文家文化文化人物作家
佛教文化宗教各种宗教
冠军体育体育人物体育领域人物
教育社会
台湾地区开放分类
SEED开放分类
姚笛影视剧作品列表
光荣大地主要人物列表
吕行影视剧作品列表
张定涵主要作品列表
体系开放分类
人文景观开放分类
香港立法会议员开放分类
1955年出生开放分类
食疗生活健康医疗
台湾地理行政区划省份
香港政治人物开放分类
Astray开放分类
文化古迹开放分类
交流开放分类
台北开放分类
电视剧艺术影视电视
文字文化语言
中药生活健康健康科学药学
经济列表
电影艺术影视
网站生活网络
术语文化语言文字词语
