直馏文化汉语汉语词汇语言汉语词典
岳良木苏州大学名人
春华汉剧团
江文虎人物官员
江文虎人物演员
东莞市晨瑞商贸有限公司
杨继陶苏州大学名人
启动值电力继电保护与自动化
切换值电力继电保护与自动化
释放值电力继电保护与自动化
不释放值电力继电保护与自动化
复归值电力继电保护与自动化
海口南都商务酒店生活酒店预订
事故法的经济分析
东莞市吉隆发五金工具有限公司五金工具
斯巴斯·德列夫人物
asteroid number天文术语
China-Yoo中国达人秀
劳动合同法条文评注与适用
aurora borealis大气
装载机维修速成图解书籍简介
修购基金
四都暴动历史事件解放战争
擎苍
Barsoom天文术语
合同形式的国家干预研究
南阳暴动历史事件
南京大屠杀抗日战争南京中国近代史历史第二次世界大战中国抗日战争
挨三顶五文化成语熟语汉语词语A开头成语
高懿屏象棋人物冠军
张梦白苏州大学名人
勇士高达H动漫destiny
维修工知识读本书籍简介
驰名商标的认定与保护
张拱贵苏州大学名人中国语言学家知名人物语言学家
佛说八大人觉经佛教
迟海鹰人物
我读3
小庭院植物景观设计
梦想从心开始
曾也鲁苏州大学名人
北格镇二中
电工常用电子检测入门书籍简介
耶稣最后的法老
配电线路带电作业技术问答书籍简介
侵权法功能研究
肥东县第六中学教育
潘力生人物湖南湖南人物
东莞市德尔工业服务有限公司
机械原理与机械设计实验教程书籍简介
大风暴与出埃及
淮杞煮羊头
拉特朗大殿教堂
颜元叔人物台湾人物湖南人物散文家教育家
火力发电厂热工自动化系统安全技术指南书籍简介
侵权责任法律制度比较研究
梁启超家书：揭秘梁启超家族纵横​中国百年的立世之道
抗美援朝战地日记
姚幼钧苏州大学名人
民法典结构设计比较研究
河北昊天热电设备集团有限公司
东莞市海旺塑胶原料有限公司塑胶原料
有计划犯罪
中华人民共和国知识产权法典
郑州市技师学院学院技师学校
电机实验技术书籍简介
安徽新芜经济开发区
知识产权审判精要
计划工作管理学管理术语
彭定中人物湖南实业家美国
材料数据手册书籍简介
民法基本制度的反思和重构
撤销权制度研究
输电运行检修书籍简介
金山大道道路仓山区
良家美女美剧
黄彰健人物湖南史学家
输变电与高度作业危险点预测预控书籍简介
联络线负荷电力电力系统
自动低频减负荷电力电力系统
负荷的功率调节系数电力电力系统
系统需量控制电力电力系统
电力系统安全分析电力电力系统
电力系统继电保护配置电力电力系统
切机和远方切机电力电力系统
电力平衡电力电力系统
电量平衡电力电力系统
电力电量综合平衡电力电力系统
电力系统有功功率平衡电力电力系统
负荷预测模型电力电力系统
电力负荷曲线电力电力系统
周负荷曲线电力电力系统
月最大负荷曲线电力电力系统
年最大负荷曲线电力电力系统
低谷负荷电力电力系统
基本负荷电力电力系统
最高大负荷电力电力系统
日平均负荷率电力电力系统
被切负荷电力电力系统
可控负荷电力电力系统
负荷中心电力电力系统
